<html>
<body>
<pre>
<h1>µVision Build Log</h1>
<h2>Tool Versions:</h2>
IDE-Version: ¦ÌVision V5.25.2.0
Copyright (C) 2018 ARM Ltd and ARM Germany GmbH. All rights reserved.
License Information: Neo Microsoft, Microsoft, LIC=NHYII-TM1BV-350TX-HS744-7NG0P-LFAZ6
 
Tool Versions:
Toolchain:       MDK-ARM Professional  Version: 5.25.2.0
Toolchain Path:  D:\Keil_v5\ARM\ARMCC\Bin
C Compiler:      Armcc.exe V5.06 update 6 (build 750)
Assembler:       Armasm.exe V5.06 update 6 (build 750)
Linker/Locator:  ArmLink.exe V5.06 update 6 (build 750)
Library Manager: ArmAr.exe V5.06 update 6 (build 750)
Hex Converter:   FromElf.exe V5.06 update 6 (build 750)
CPU DLL:         SARMCM3.DLL V5.25.2.0
Dialog DLL:      DCM.DLL V1.17.1.0
Target DLL:      STLink\ST-LINKIII-KEIL_SWO.dll V3.0.1.0
Dialog DLL:      TCM.DLL V1.35.1.0
 
<h2>Project:</h2>
D:\Code\³ÐÑ¹¹øÂ¯ÖÇÄÜÔÚÏß¼à¿Ø\³ÐÑ¹¹øÂ¯ÖÇÄÜÔÚÏß¼à¿Ø´Ó»ú¼àÌý\USER\STemWin.uvprojx
Project File Date:  09/04/2018

<h2>Output:</h2>
*** Using Compiler 'V5.06 update 6 (build 750)', folder: 'D:\Keil_v5\ARM\ARMCC\Bin'
Build target 'STemWin RGBLCD'
compiling Host485.c...
..\SYSTEM\modbus\Host485.c(39): warning:  #223-D: function "IWDG_Feed" declared implicitly
        IWDG_Feed();
..\SYSTEM\modbus\Host485.c(122): warning:  #111-D: statement is unreachable
     return 0 ;
..\SYSTEM\modbus\Host485.c(173): warning:  #1035-D: single-precision operand implicitly converted to double-precision
  	  ModbusStrtues.Oxygen_Null=(20.9/(20.9-OxygenN));
..\SYSTEM\modbus\Host485.c(181): warning:  #177-D: variable "err"  was declared but never referenced
  	OS_ERR err;
..\SYSTEM\modbus\Host485.c: 4 warnings, 0 errors
linking...
Program Size: Code=174460 RO-data=267200 RW-data=3888 ZI-data=24661864  
"..\OBJ\Template.axf" - 0 Error(s), 4 Warning(s).

<h2>Software Packages used:</h2>

Package Vendor: Keil
                http://www.keil.com/pack/Keil.STM32F7xx_DFP.2.7.0.pack
                Keil.STM32F7xx_DFP.2.7.0
                STMicroelectronics STM32F7 Series Device Support, Drivers and Examples

<h2>Collection of Component include folders:</h2>
  .\RTE\_STemWin_RGBLCD
  D:\Keil_v5\ARM\PACK\Keil\STM32F7xx_DFP\2.7.0\Drivers\CMSIS\Device\ST\STM32F7xx\Include

<h2>Collection of Component Files used:</h2>
Build Time Elapsed:  00:00:07
</pre>
</body>
</html>
